Archive member included because of file (symbol)

/home/zdenal/robotic-hardware-interface/CommLib/Debug/libCommLib.a(comm.o)
                              ./MotorControl.o (sendFirstByte)
/usr/lib/gcc/avr/4.3.2/avr4/libgcc.a(_mulsi3.o)
                              ./MotorControl.o (__mulsi3)
/usr/lib/gcc/avr/4.3.2/avr4/libgcc.a(_udivmodhi4.o)
                              ./MotorControl.o (__udivmodhi4)
/usr/lib/gcc/avr/4.3.2/avr4/libgcc.a(_divmodhi4.o)
                              ./MotorControl.o (__divmodhi4)
/usr/lib/gcc/avr/4.3.2/avr4/libgcc.a(_divmodsi4.o)
                              ./MotorControl.o (__divmodsi4)
/usr/lib/gcc/avr/4.3.2/avr4/libgcc.a(_prologue.o)
                              ./MotorControl.o (__prologue_saves__)
/usr/lib/gcc/avr/4.3.2/avr4/libgcc.a(_epilogue.o)
                              ./MotorControl.o (__epilogue_restores__)
/usr/lib/gcc/avr/4.3.2/avr4/libgcc.a(_exit.o)
                              /usr/lib/gcc/avr/4.3.2/../../../../avr/lib/avr4/crtm8.o (exit)
/usr/lib/gcc/avr/4.3.2/avr4/libgcc.a(_tablejump.o)
                              /home/zdenal/robotic-hardware-interface/CommLib/Debug/libCommLib.a(comm.o) (__tablejump2__)
/usr/lib/gcc/avr/4.3.2/avr4/libgcc.a(_copy_data.o)
                              ./MotorControl.o (__do_copy_data)
/usr/lib/gcc/avr/4.3.2/avr4/libgcc.a(_clear_bss.o)
                              ./MotorControl.o (__do_clear_bss)
/usr/lib/gcc/avr/4.3.2/avr4/libgcc.a(_udivmodsi4.o)
                              /usr/lib/gcc/avr/4.3.2/avr4/libgcc.a(_divmodsi4.o) (__udivmodsi4)
/usr/lib/gcc/avr/4.3.2/../../../../avr/lib/avr4/libc.a(memcpy.o)
                              /home/zdenal/robotic-hardware-interface/CommLib/Debug/libCommLib.a(comm.o) (memcpy)

Memory Configuration

Name             Origin             Length             Attributes
text             0x0000000000000000 0x0000000000002000 xr
data             0x0000000000800060 0x000000000000ffa0 rw !x
eeprom           0x0000000000810000 0x0000000000010000 rw !x
*default*        0x0000000000000000 0xffffffffffffffff

Linker script and memory map

LOAD /usr/lib/gcc/avr/4.3.2/../../../../avr/lib/avr4/crtm8.o
LOAD ./MotorControl.o
LOAD /home/zdenal/robotic-hardware-interface/CommLib/Debug/libCommLib.a
LOAD /usr/lib/gcc/avr/4.3.2/avr4/libgcc.a
LOAD /usr/lib/gcc/avr/4.3.2/../../../../avr/lib/avr4/libc.a
LOAD /usr/lib/gcc/avr/4.3.2/avr4/libgcc.a

.hash
 *(.hash)

.dynsym
 *(.dynsym)

.dynstr
 *(.dynstr)

.gnu.version
 *(.gnu.version)

.gnu.version_d
 *(.gnu.version_d)

.gnu.version_r
 *(.gnu.version_r)

.rel.init
 *(.rel.init)

.rela.init
 *(.rela.init)

.rel.text
 *(.rel.text)
 *(.rel.text.*)
 *(.rel.gnu.linkonce.t*)

.rela.text
 *(.rela.text)
 *(.rela.text.*)
 *(.rela.gnu.linkonce.t*)

.rel.fini
 *(.rel.fini)

.rela.fini
 *(.rela.fini)

.rel.rodata
 *(.rel.rodata)
 *(.rel.rodata.*)
 *(.rel.gnu.linkonce.r*)

.rela.rodata
 *(.rela.rodata)
 *(.rela.rodata.*)
 *(.rela.gnu.linkonce.r*)

.rel.data
 *(.rel.data)
 *(.rel.data.*)
 *(.rel.gnu.linkonce.d*)

.rela.data
 *(.rela.data)
 *(.rela.data.*)
 *(.rela.gnu.linkonce.d*)

.rel.ctors
 *(.rel.ctors)

.rela.ctors
 *(.rela.ctors)

.rel.dtors
 *(.rel.dtors)

.rela.dtors
 *(.rela.dtors)

.rel.got
 *(.rel.got)

.rela.got
 *(.rela.got)

.rel.bss
 *(.rel.bss)

.rela.bss
 *(.rela.bss)

.rel.plt
 *(.rel.plt)

.rela.plt
 *(.rela.plt)

.text           0x0000000000000000      0xf9a
 *(.vectors)
 .vectors       0x0000000000000000       0x26 /usr/lib/gcc/avr/4.3.2/../../../../avr/lib/avr4/crtm8.o
                0x0000000000000000                __vectors
                0x0000000000000000                __vector_default
 *(.vectors)
 *(.progmem.gcc*)
 .progmem.gcc_sw_table
                0x0000000000000026       0x26 /home/zdenal/robotic-hardware-interface/CommLib/Debug/libCommLib.a(comm.o)
 *(.progmem*)
                0x000000000000004c                . = ALIGN (0x2)
                0x000000000000004c                __trampolines_start = .
 *(.trampolines)
 .trampolines   0x000000000000004c        0x0 linker stubs
 *(.trampolines*)
                0x000000000000004c                __trampolines_end = .
 *(.jumptables)
 *(.jumptables*)
 *(.lowtext)
 *(.lowtext*)
                0x000000000000004c                __ctors_start = .
 *(.ctors)
                0x000000000000004c                __ctors_end = .
                0x000000000000004c                __dtors_start = .
 *(.dtors)
                0x000000000000004c                __dtors_end = .
 SORT(*)(.ctors)
 SORT(*)(.dtors)
 *(.init0)
 .init0         0x000000000000004c        0x0 /usr/lib/gcc/avr/4.3.2/../../../../avr/lib/avr4/crtm8.o
                0x000000000000004c                __init
 *(.init0)
 *(.init1)
 *(.init1)
 *(.init2)
 .init2         0x000000000000004c        0xc /usr/lib/gcc/avr/4.3.2/../../../../avr/lib/avr4/crtm8.o
 *(.init2)
 *(.init3)
 *(.init3)
 *(.init4)
 .init4         0x0000000000000058       0x16 /usr/lib/gcc/avr/4.3.2/avr4/libgcc.a(_copy_data.o)
                0x0000000000000058                __do_copy_data
 .init4         0x000000000000006e       0x10 /usr/lib/gcc/avr/4.3.2/avr4/libgcc.a(_clear_bss.o)
                0x000000000000006e                __do_clear_bss
 *(.init4)
 *(.init5)
 *(.init5)
 *(.init6)
 *(.init6)
 *(.init7)
 *(.init7)
 *(.init8)
 *(.init8)
 *(.init9)
 .init9         0x000000000000007e        0x4 /usr/lib/gcc/avr/4.3.2/../../../../avr/lib/avr4/crtm8.o
 *(.init9)
 *(.text)
 .text          0x0000000000000082        0x2 /usr/lib/gcc/avr/4.3.2/../../../../avr/lib/avr4/crtm8.o
                0x0000000000000082                __vector_1
                0x0000000000000082                __vector_12
                0x0000000000000082                __bad_interrupt
                0x0000000000000082                __vector_6
                0x0000000000000082                __vector_17
                0x0000000000000082                __vector_7
                0x0000000000000082                __vector_5
                0x0000000000000082                __vector_4
                0x0000000000000082                __vector_9
                0x0000000000000082                __vector_2
                0x0000000000000082                __vector_15
                0x0000000000000082                __vector_14
                0x0000000000000082                __vector_10
                0x0000000000000082                __vector_16
                0x0000000000000082                __vector_18
 .text          0x0000000000000084      0x9ec ./MotorControl.o
                0x00000000000000b4                motor_reg
                0x000000000000008a                motor2_backwd
                0x0000000000000090                motor2_stop
                0x0000000000000096                motor2_free
                0x00000000000003f6                __vector_3
                0x0000000000000968                __vector_11
                0x00000000000000a8                motor1_stop
                0x000000000000091a                __vector_13
                0x00000000000000ae                motor1_free
                0x000000000000043c                motor_current
                0x00000000000000a2                motor1_backwd
                0x0000000000000654                sendPacketE
                0x0000000000000084                motor2_forwd
                0x0000000000000670                main
                0x000000000000009c                motor1_forwd
                0x00000000000009f0                __vector_8
                0x000000000000029c                read_enc
                0x0000000000000472                makeMotorInfo
 .text          0x0000000000000a70      0x394 /home/zdenal/robotic-hardware-interface/CommLib/Debug/libCommLib.a(comm.o)
                0x0000000000000aa0                makeCRC
                0x0000000000000b6c                sendFirstByte
                0x0000000000000b78                sendPacket
                0x0000000000000c2e                comm_state_init
                0x0000000000000d24                checkPacket
                0x0000000000000d88                receiveTimeout
                0x0000000000000db4                makePacket
                0x0000000000000a70                crc16_update
                0x0000000000000c5c                receivePacket
 .text          0x0000000000000e04        0x0 /usr/lib/gcc/avr/4.3.2/avr4/libgcc.a(_mulsi3.o)
 .text          0x0000000000000e04        0x0 /usr/lib/gcc/avr/4.3.2/avr4/libgcc.a(_udivmodhi4.o)
 .text          0x0000000000000e04        0x0 /usr/lib/gcc/avr/4.3.2/avr4/libgcc.a(_divmodhi4.o)
 .text          0x0000000000000e04        0x0 /usr/lib/gcc/avr/4.3.2/avr4/libgcc.a(_divmodsi4.o)
 .text          0x0000000000000e04        0x0 /usr/lib/gcc/avr/4.3.2/avr4/libgcc.a(_prologue.o)
 .text          0x0000000000000e04        0x0 /usr/lib/gcc/avr/4.3.2/avr4/libgcc.a(_epilogue.o)
 .text          0x0000000000000e04        0x0 /usr/lib/gcc/avr/4.3.2/avr4/libgcc.a(_exit.o)
 .text          0x0000000000000e04        0x0 /usr/lib/gcc/avr/4.3.2/avr4/libgcc.a(_tablejump.o)
 .text          0x0000000000000e04        0x0 /usr/lib/gcc/avr/4.3.2/avr4/libgcc.a(_copy_data.o)
 .text          0x0000000000000e04        0x0 /usr/lib/gcc/avr/4.3.2/avr4/libgcc.a(_clear_bss.o)
 .text          0x0000000000000e04        0x0 /usr/lib/gcc/avr/4.3.2/avr4/libgcc.a(_udivmodsi4.o)
 .text          0x0000000000000e04       0x12 /usr/lib/gcc/avr/4.3.2/../../../../avr/lib/avr4/libc.a(memcpy.o)
                0x0000000000000e04                memcpy
                0x0000000000000e16                . = ALIGN (0x2)
 *(.text.*)
 .text.libgcc   0x0000000000000e16       0x3e /usr/lib/gcc/avr/4.3.2/avr4/libgcc.a(_mulsi3.o)
                0x0000000000000e16                __mulsi3
 .text.libgcc   0x0000000000000e54       0x28 /usr/lib/gcc/avr/4.3.2/avr4/libgcc.a(_udivmodhi4.o)
                0x0000000000000e54                __udivmodhi4
 .text.libgcc   0x0000000000000e7c       0x26 /usr/lib/gcc/avr/4.3.2/avr4/libgcc.a(_divmodhi4.o)
                0x0000000000000e7c                __divmodhi4
                0x0000000000000e7c                _div
 .text.libgcc   0x0000000000000ea2       0x36 /usr/lib/gcc/avr/4.3.2/avr4/libgcc.a(_divmodsi4.o)
                0x0000000000000ea2                __divmodsi4
 .text.libgcc   0x0000000000000ed8       0x38 /usr/lib/gcc/avr/4.3.2/avr4/libgcc.a(_prologue.o)
                0x0000000000000ed8                __prologue_saves__
 .text.libgcc   0x0000000000000f10       0x36 /usr/lib/gcc/avr/4.3.2/avr4/libgcc.a(_epilogue.o)
                0x0000000000000f10                __epilogue_restores__
 .text.libgcc   0x0000000000000f46        0x0 /usr/lib/gcc/avr/4.3.2/avr4/libgcc.a(_exit.o)
 .text.libgcc   0x0000000000000f46        0xc /usr/lib/gcc/avr/4.3.2/avr4/libgcc.a(_tablejump.o)
                0x0000000000000f4a                __tablejump__
                0x0000000000000f46                __tablejump2__
 .text.libgcc   0x0000000000000f52        0x0 /usr/lib/gcc/avr/4.3.2/avr4/libgcc.a(_copy_data.o)
 .text.libgcc   0x0000000000000f52        0x0 /usr/lib/gcc/avr/4.3.2/avr4/libgcc.a(_clear_bss.o)
 .text.libgcc   0x0000000000000f52       0x44 /usr/lib/gcc/avr/4.3.2/avr4/libgcc.a(_udivmodsi4.o)
                0x0000000000000f52                __udivmodsi4
                0x0000000000000f96                . = ALIGN (0x2)
 *(.fini9)
 .fini9         0x0000000000000f96        0x0 /usr/lib/gcc/avr/4.3.2/avr4/libgcc.a(_exit.o)
                0x0000000000000f96                exit
                0x0000000000000f96                _exit
 *(.fini9)
 *(.fini8)
 *(.fini8)
 *(.fini7)
 *(.fini7)
 *(.fini6)
 *(.fini6)
 *(.fini5)
 *(.fini5)
 *(.fini4)
 *(.fini4)
 *(.fini3)
 *(.fini3)
 *(.fini2)
 *(.fini2)
 *(.fini1)
 *(.fini1)
 *(.fini0)
 .fini0         0x0000000000000f96        0x4 /usr/lib/gcc/avr/4.3.2/avr4/libgcc.a(_exit.o)
 *(.fini0)
                0x0000000000000f9a                _etext = .

.data           0x0000000000800060        0x0 load address 0x0000000000000f9a
                0x0000000000800060                PROVIDE (__data_start, .)
 *(.data)
 .data          0x0000000000800060        0x0 /usr/lib/gcc/avr/4.3.2/../../../../avr/lib/avr4/crtm8.o
 .data          0x0000000000800060        0x0 ./MotorControl.o
 .data          0x0000000000800060        0x0 /home/zdenal/robotic-hardware-interface/CommLib/Debug/libCommLib.a(comm.o)
 .data          0x0000000000800060        0x0 /usr/lib/gcc/avr/4.3.2/avr4/libgcc.a(_mulsi3.o)
 .data          0x0000000000800060        0x0 /usr/lib/gcc/avr/4.3.2/avr4/libgcc.a(_udivmodhi4.o)
 .data          0x0000000000800060        0x0 /usr/lib/gcc/avr/4.3.2/avr4/libgcc.a(_divmodhi4.o)
 .data          0x0000000000800060        0x0 /usr/lib/gcc/avr/4.3.2/avr4/libgcc.a(_divmodsi4.o)
 .data          0x0000000000800060        0x0 /usr/lib/gcc/avr/4.3.2/avr4/libgcc.a(_prologue.o)
 .data          0x0000000000800060        0x0 /usr/lib/gcc/avr/4.3.2/avr4/libgcc.a(_epilogue.o)
 .data          0x0000000000800060        0x0 /usr/lib/gcc/avr/4.3.2/avr4/libgcc.a(_exit.o)
 .data          0x0000000000800060        0x0 /usr/lib/gcc/avr/4.3.2/avr4/libgcc.a(_tablejump.o)
 .data          0x0000000000800060        0x0 /usr/lib/gcc/avr/4.3.2/avr4/libgcc.a(_copy_data.o)
 .data          0x0000000000800060        0x0 /usr/lib/gcc/avr/4.3.2/avr4/libgcc.a(_clear_bss.o)
 .data          0x0000000000800060        0x0 /usr/lib/gcc/avr/4.3.2/avr4/libgcc.a(_udivmodsi4.o)
 .data          0x0000000000800060        0x0 /usr/lib/gcc/avr/4.3.2/../../../../avr/lib/avr4/libc.a(memcpy.o)
 *(.data*)
 *(.rodata)
 *(.rodata*)
 *(.gnu.linkonce.d*)
                0x0000000000800060                . = ALIGN (0x2)
                0x0000000000800060                _edata = .
                0x0000000000800060                PROVIDE (__data_end, .)

.bss            0x0000000000800060       0xbf load address 0x0000000000000f9a
                0x0000000000800060                PROVIDE (__bss_start, .)
 *(.bss)
 .bss           0x0000000000800060        0x0 /usr/lib/gcc/avr/4.3.2/../../../../avr/lib/avr4/crtm8.o
 .bss           0x0000000000800060       0xbd ./MotorControl.o
 .bss           0x000000000080011d        0x2 /home/zdenal/robotic-hardware-interface/CommLib/Debug/libCommLib.a(comm.o)
 .bss           0x000000000080011f        0x0 /usr/lib/gcc/avr/4.3.2/avr4/libgcc.a(_mulsi3.o)
 .bss           0x000000000080011f        0x0 /usr/lib/gcc/avr/4.3.2/avr4/libgcc.a(_udivmodhi4.o)
 .bss           0x000000000080011f        0x0 /usr/lib/gcc/avr/4.3.2/avr4/libgcc.a(_divmodhi4.o)
 .bss           0x000000000080011f        0x0 /usr/lib/gcc/avr/4.3.2/avr4/libgcc.a(_divmodsi4.o)
 .bss           0x000000000080011f        0x0 /usr/lib/gcc/avr/4.3.2/avr4/libgcc.a(_prologue.o)
 .bss           0x000000000080011f        0x0 /usr/lib/gcc/avr/4.3.2/avr4/libgcc.a(_epilogue.o)
 .bss           0x000000000080011f        0x0 /usr/lib/gcc/avr/4.3.2/avr4/libgcc.a(_exit.o)
 .bss           0x000000000080011f        0x0 /usr/lib/gcc/avr/4.3.2/avr4/libgcc.a(_tablejump.o)
 .bss           0x000000000080011f        0x0 /usr/lib/gcc/avr/4.3.2/avr4/libgcc.a(_copy_data.o)
 .bss           0x000000000080011f        0x0 /usr/lib/gcc/avr/4.3.2/avr4/libgcc.a(_clear_bss.o)
 .bss           0x000000000080011f        0x0 /usr/lib/gcc/avr/4.3.2/avr4/libgcc.a(_udivmodsi4.o)
 .bss           0x000000000080011f        0x0 /usr/lib/gcc/avr/4.3.2/../../../../avr/lib/avr4/libc.a(memcpy.o)
 *(.bss*)
 *(COMMON)
                0x000000000080011f                PROVIDE (__bss_end, .)
                0x0000000000000f9a                __data_load_start = LOADADDR (.data)
                0x0000000000000f9a                __data_load_end = (__data_load_start + SIZEOF (.data))

.noinit         0x000000000080011f        0x0
                0x000000000080011f                PROVIDE (__noinit_start, .)
 *(.noinit*)
                0x000000000080011f                PROVIDE (__noinit_end, .)
                0x000000000080011f                _end = .
                0x000000000080011f                PROVIDE (__heap_start, .)

.eeprom         0x0000000000810000        0x0
 *(.eeprom*)
                0x0000000000810000                __eeprom_end = .

.stab           0x0000000000000000      0xd20
 *(.stab)
 .stab          0x0000000000000000      0xd20 /home/zdenal/robotic-hardware-interface/CommLib/Debug/libCommLib.a(comm.o)

.stabstr        0x0000000000000000      0xe31
 *(.stabstr)
 .stabstr       0x0000000000000000      0xe31 /home/zdenal/robotic-hardware-interface/CommLib/Debug/libCommLib.a(comm.o)

.stab.excl
 *(.stab.excl)

.stab.exclstr
 *(.stab.exclstr)

.stab.index
 *(.stab.index)

.stab.indexstr
 *(.stab.indexstr)

.comment
 *(.comment)

.debug
 *(.debug)

.line
 *(.line)

.debug_srcinfo
 *(.debug_srcinfo)

.debug_sfnames
 *(.debug_sfnames)

.debug_aranges
 *(.debug_aranges)

.debug_pubnames
 *(.debug_pubnames)

.debug_info
 *(.debug_info)
 *(.gnu.linkonce.wi.*)

.debug_abbrev
 *(.debug_abbrev)

.debug_line
 *(.debug_line)

.debug_frame
 *(.debug_frame)

.debug_str
 *(.debug_str)

.debug_loc
 *(.debug_loc)

.debug_macinfo
 *(.debug_macinfo)
OUTPUT(MotorControl.elf elf32-avr)
LOAD linker stubs
