Archive member included because of file (symbol)

/home/zdenal/robotic-hardware-interface/CommLib/Debug/libCommLib.a(comm.o)
                              ./MotorControl.o (sendFirstByte)
/usr/lib/gcc/avr/4.3.2/avr4/libgcc.a(_exit.o)
                              /usr/lib/gcc/avr/4.3.2/../../../../avr/lib/avr4/crtm8.o (exit)
/usr/lib/gcc/avr/4.3.2/avr4/libgcc.a(_copy_data.o)
                              ./MotorControl.o (__do_copy_data)
/usr/lib/gcc/avr/4.3.2/avr4/libgcc.a(_clear_bss.o)
                              ./MotorControl.o (__do_clear_bss)
/usr/lib/gcc/avr/4.3.2/../../../../avr/lib/avr4/libc.a(memcpy.o)
                              /home/zdenal/robotic-hardware-interface/CommLib/Debug/libCommLib.a(comm.o) (memcpy)

Allocating common symbols
Common symbol       size              file

motor2              0x24              ./MotorControl.o
comm_state          0x5b              ./MotorControl.o
motor1              0x24              ./MotorControl.o

Memory Configuration

Name             Origin             Length             Attributes
text             0x0000000000000000 0x0000000000002000 xr
data             0x0000000000800060 0x000000000000ffa0 rw !x
eeprom           0x0000000000810000 0x0000000000010000 rw !x
*default*        0x0000000000000000 0xffffffffffffffff

Linker script and memory map

LOAD /usr/lib/gcc/avr/4.3.2/../../../../avr/lib/avr4/crtm8.o
LOAD ./MotorControl.o
LOAD /home/zdenal/robotic-hardware-interface/CommLib/Debug/libCommLib.a
LOAD /usr/lib/gcc/avr/4.3.2/avr4/libgcc.a
LOAD /usr/lib/gcc/avr/4.3.2/../../../../avr/lib/avr4/libc.a
LOAD /usr/lib/gcc/avr/4.3.2/avr4/libgcc.a

.hash
 *(.hash)

.dynsym
 *(.dynsym)

.dynstr
 *(.dynstr)

.gnu.version
 *(.gnu.version)

.gnu.version_d
 *(.gnu.version_d)

.gnu.version_r
 *(.gnu.version_r)

.rel.init
 *(.rel.init)

.rela.init
 *(.rela.init)

.rel.text
 *(.rel.text)
 *(.rel.text.*)
 *(.rel.gnu.linkonce.t*)

.rela.text
 *(.rela.text)
 *(.rela.text.*)
 *(.rela.gnu.linkonce.t*)

.rel.fini
 *(.rel.fini)

.rela.fini
 *(.rela.fini)

.rel.rodata
 *(.rel.rodata)
 *(.rel.rodata.*)
 *(.rel.gnu.linkonce.r*)

.rela.rodata
 *(.rela.rodata)
 *(.rela.rodata.*)
 *(.rela.gnu.linkonce.r*)

.rel.data
 *(.rel.data)
 *(.rel.data.*)
 *(.rel.gnu.linkonce.d*)

.rela.data
 *(.rela.data)
 *(.rela.data.*)
 *(.rela.gnu.linkonce.d*)

.rel.ctors
 *(.rel.ctors)

.rela.ctors
 *(.rela.ctors)

.rel.dtors
 *(.rel.dtors)

.rela.dtors
 *(.rela.dtors)

.rel.got
 *(.rel.got)

.rela.got
 *(.rela.got)

.rel.bss
 *(.rel.bss)

.rela.bss
 *(.rela.bss)

.rel.plt
 *(.rel.plt)

.rela.plt
 *(.rela.plt)

.text           0x0000000000000000      0x972
 *(.vectors)
 .vectors       0x0000000000000000       0x26 /usr/lib/gcc/avr/4.3.2/../../../../avr/lib/avr4/crtm8.o
                0x0000000000000000                __vectors
                0x0000000000000000                __vector_default
 *(.vectors)
 *(.progmem.gcc*)
 *(.progmem*)
                0x0000000000000026                . = ALIGN (0x2)
                0x0000000000000026                __trampolines_start = .
 *(.trampolines)
 .trampolines   0x0000000000000026        0x0 linker stubs
 *(.trampolines*)
                0x0000000000000026                __trampolines_end = .
 *(.jumptables)
 *(.jumptables*)
 *(.lowtext)
 *(.lowtext*)
                0x0000000000000026                __ctors_start = .
 *(.ctors)
                0x0000000000000026                __ctors_end = .
                0x0000000000000026                __dtors_start = .
 *(.dtors)
                0x0000000000000026                __dtors_end = .
 SORT(*)(.ctors)
 SORT(*)(.dtors)
 *(.init0)
 .init0         0x0000000000000026        0x0 /usr/lib/gcc/avr/4.3.2/../../../../avr/lib/avr4/crtm8.o
                0x0000000000000026                __init
 *(.init0)
 *(.init1)
 *(.init1)
 *(.init2)
 .init2         0x0000000000000026        0xc /usr/lib/gcc/avr/4.3.2/../../../../avr/lib/avr4/crtm8.o
 *(.init2)
 *(.init3)
 *(.init3)
 *(.init4)
 .init4         0x0000000000000032       0x16 /usr/lib/gcc/avr/4.3.2/avr4/libgcc.a(_copy_data.o)
                0x0000000000000032                __do_copy_data
 .init4         0x0000000000000048       0x10 /usr/lib/gcc/avr/4.3.2/avr4/libgcc.a(_clear_bss.o)
                0x0000000000000048                __do_clear_bss
 *(.init4)
 *(.init5)
 *(.init5)
 *(.init6)
 *(.init6)
 *(.init7)
 *(.init7)
 *(.init8)
 *(.init8)
 *(.init9)
 .init9         0x0000000000000058        0x4 /usr/lib/gcc/avr/4.3.2/../../../../avr/lib/avr4/crtm8.o
 *(.init9)
 *(.text)
 .text          0x000000000000005c        0x2 /usr/lib/gcc/avr/4.3.2/../../../../avr/lib/avr4/crtm8.o
                0x000000000000005c                __vector_1
                0x000000000000005c                __vector_12
                0x000000000000005c                __bad_interrupt
                0x000000000000005c                __vector_6
                0x000000000000005c                __vector_3
                0x000000000000005c                __vector_17
                0x000000000000005c                __vector_7
                0x000000000000005c                __vector_5
                0x000000000000005c                __vector_4
                0x000000000000005c                __vector_2
                0x000000000000005c                __vector_15
                0x000000000000005c                __vector_14
                0x000000000000005c                __vector_10
                0x000000000000005c                __vector_16
                0x000000000000005c                __vector_18
 .text          0x000000000000005e      0x526 ./MotorControl.o
                0x00000000000000ba                motor_reg
                0x00000000000000a8                motor2_backwd
                0x000000000000005e                motor_init
                0x00000000000000ae                motor2_stop
                0x00000000000000b4                motor2_free
                0x00000000000004e6                __vector_11
                0x0000000000000498                __vector_13
                0x000000000000035e                sendPacketE
                0x00000000000000a2                motor2_forwd
                0x000000000000037a                main
                0x0000000000000318                __vector_9
                0x00000000000000f0                __vector_8
                0x000000000000013e                read_enc
 .text          0x0000000000000584      0x3d8 /home/zdenal/robotic-hardware-interface/CommLib/Debug/libCommLib.a(comm.o)
                0x00000000000005b8                makeCRC
                0x000000000000069e                sendFirstByte
                0x00000000000006aa                sendPacket
                0x0000000000000766                comm_state_init
                0x00000000000008e0                receiveTimeout
                0x000000000000090c                makePacket
                0x0000000000000584                crc16_update
                0x0000000000000794                receivePacket
 .text          0x000000000000095c        0x0 /usr/lib/gcc/avr/4.3.2/avr4/libgcc.a(_exit.o)
 .text          0x000000000000095c        0x0 /usr/lib/gcc/avr/4.3.2/avr4/libgcc.a(_copy_data.o)
 .text          0x000000000000095c        0x0 /usr/lib/gcc/avr/4.3.2/avr4/libgcc.a(_clear_bss.o)
 .text          0x000000000000095c       0x12 /usr/lib/gcc/avr/4.3.2/../../../../avr/lib/avr4/libc.a(memcpy.o)
                0x000000000000095c                memcpy
                0x000000000000096e                . = ALIGN (0x2)
 *(.text.*)
 .text.libgcc   0x000000000000096e        0x0 /usr/lib/gcc/avr/4.3.2/avr4/libgcc.a(_exit.o)
 .text.libgcc   0x000000000000096e        0x0 /usr/lib/gcc/avr/4.3.2/avr4/libgcc.a(_copy_data.o)
 .text.libgcc   0x000000000000096e        0x0 /usr/lib/gcc/avr/4.3.2/avr4/libgcc.a(_clear_bss.o)
                0x000000000000096e                . = ALIGN (0x2)
 *(.fini9)
 .fini9         0x000000000000096e        0x0 /usr/lib/gcc/avr/4.3.2/avr4/libgcc.a(_exit.o)
                0x000000000000096e                exit
                0x000000000000096e                _exit
 *(.fini9)
 *(.fini8)
 *(.fini8)
 *(.fini7)
 *(.fini7)
 *(.fini6)
 *(.fini6)
 *(.fini5)
 *(.fini5)
 *(.fini4)
 *(.fini4)
 *(.fini3)
 *(.fini3)
 *(.fini2)
 *(.fini2)
 *(.fini1)
 *(.fini1)
 *(.fini0)
 .fini0         0x000000000000096e        0x4 /usr/lib/gcc/avr/4.3.2/avr4/libgcc.a(_exit.o)
 *(.fini0)
                0x0000000000000972                _etext = .

.data           0x0000000000800060        0x0 load address 0x0000000000000972
                0x0000000000800060                PROVIDE (__data_start, .)
 *(.data)
 .data          0x0000000000800060        0x0 /usr/lib/gcc/avr/4.3.2/../../../../avr/lib/avr4/crtm8.o
 .data          0x0000000000800060        0x0 ./MotorControl.o
 .data          0x0000000000800060        0x0 /home/zdenal/robotic-hardware-interface/CommLib/Debug/libCommLib.a(comm.o)
 .data          0x0000000000800060        0x0 /usr/lib/gcc/avr/4.3.2/avr4/libgcc.a(_exit.o)
 .data          0x0000000000800060        0x0 /usr/lib/gcc/avr/4.3.2/avr4/libgcc.a(_copy_data.o)
 .data          0x0000000000800060        0x0 /usr/lib/gcc/avr/4.3.2/avr4/libgcc.a(_clear_bss.o)
 .data          0x0000000000800060        0x0 /usr/lib/gcc/avr/4.3.2/../../../../avr/lib/avr4/libc.a(memcpy.o)
 *(.data*)
 *(.rodata)
 *(.rodata*)
 *(.gnu.linkonce.d*)
                0x0000000000800060                . = ALIGN (0x2)
                0x0000000000800060                _edata = .
                0x0000000000800060                PROVIDE (__data_end, .)

.bss            0x0000000000800060       0xa6 load address 0x0000000000000972
                0x0000000000800060                PROVIDE (__bss_start, .)
 *(.bss)
 .bss           0x0000000000800060        0x0 /usr/lib/gcc/avr/4.3.2/../../../../avr/lib/avr4/crtm8.o
 .bss           0x0000000000800060        0x1 ./MotorControl.o
                0x0000000000800060                ena_st
 .bss           0x0000000000800061        0x2 /home/zdenal/robotic-hardware-interface/CommLib/Debug/libCommLib.a(comm.o)
 .bss           0x0000000000800063        0x0 /usr/lib/gcc/avr/4.3.2/avr4/libgcc.a(_exit.o)
 .bss           0x0000000000800063        0x0 /usr/lib/gcc/avr/4.3.2/avr4/libgcc.a(_copy_data.o)
 .bss           0x0000000000800063        0x0 /usr/lib/gcc/avr/4.3.2/avr4/libgcc.a(_clear_bss.o)
 .bss           0x0000000000800063        0x0 /usr/lib/gcc/avr/4.3.2/../../../../avr/lib/avr4/libc.a(memcpy.o)
 *(.bss*)
 *(COMMON)
 COMMON         0x0000000000800063       0xa3 ./MotorControl.o
                0x0000000000800063                motor2
                0x0000000000800087                comm_state
                0x00000000008000e2                motor1
                0x0000000000800106                PROVIDE (__bss_end, .)
                0x0000000000000972                __data_load_start = LOADADDR (.data)
                0x0000000000000972                __data_load_end = (__data_load_start + SIZEOF (.data))

.noinit         0x0000000000800106        0x0
                0x0000000000800106                PROVIDE (__noinit_start, .)
 *(.noinit*)
                0x0000000000800106                PROVIDE (__noinit_end, .)
                0x0000000000800106                _end = .
                0x0000000000800106                PROVIDE (__heap_start, .)

.eeprom         0x0000000000810000        0x0
 *(.eeprom*)
                0x0000000000810000                __eeprom_end = .

.stab           0x0000000000000000      0xc6c
 *(.stab)
 .stab          0x0000000000000000      0xc6c /home/zdenal/robotic-hardware-interface/CommLib/Debug/libCommLib.a(comm.o)

.stabstr        0x0000000000000000      0xd7a
 *(.stabstr)
 .stabstr       0x0000000000000000      0xd7a /home/zdenal/robotic-hardware-interface/CommLib/Debug/libCommLib.a(comm.o)

.stab.excl
 *(.stab.excl)

.stab.exclstr
 *(.stab.exclstr)

.stab.index
 *(.stab.index)

.stab.indexstr
 *(.stab.indexstr)

.comment
 *(.comment)

.debug
 *(.debug)

.line
 *(.line)

.debug_srcinfo
 *(.debug_srcinfo)

.debug_sfnames
 *(.debug_sfnames)

.debug_aranges
 *(.debug_aranges)

.debug_pubnames
 *(.debug_pubnames)

.debug_info
 *(.debug_info)
 *(.gnu.linkonce.wi.*)

.debug_abbrev
 *(.debug_abbrev)

.debug_line
 *(.debug_line)

.debug_frame
 *(.debug_frame)

.debug_str
 *(.debug_str)

.debug_loc
 *(.debug_loc)

.debug_macinfo
 *(.debug_macinfo)
OUTPUT(MotorControl.elf elf32-avr)
LOAD linker stubs
